127.0.0.1 - - [01/Sep/2023:09:21:11 +0900] "GET / HTTP/1.1" 404 807
0:0:0:0:0:0:0:1 - - [01/Sep/2023:09:21:29 +0900] "GET /prj0901/hi HTTP/1.1" 200 -
0:0:0:0:0:0:0:1 - - [01/Sep/2023:09:21:29 +0900] "GET /favicon.ico HTTP/1.1" 404 818
127.0.0.1 - - [01/Sep/2023:09:29:50 +0900] "GET / HTTP/1.1" 404 807
0:0:0:0:0:0:0:1 - - [01/Sep/2023:09:29:51 +0900] "GET /prj0901/hi HTTP/1.1" 200 161
127.0.0.1 - - [01/Sep/2023:09:37:54 +0900] "GET / HTTP/1.1" 404 807
0:0:0:0:0:0:0:1 - - [01/Sep/2023:09:37:55 +0900] "GET /prj0901/acorn HTTP/1.1" 200 163
127.0.0.1 - - [01/Sep/2023:09:40:15 +0900] "GET / HTTP/1.1" 404 807
0:0:0:0:0:0:0:1 - - [01/Sep/2023:09:40:15 +0900] "GET /prj0901/acorn HTTP/1.1" 500 163
0:0:0:0:0:0:0:1 - - [01/Sep/2023:09:42:19 +0900] "GET /prj0901/acorn HTTP/1.1" 500 173
0:0:0:0:0:0:0:1 - - [01/Sep/2023:09:43:15 +0900] "GET /prj0901/acorn HTTP/1.1" 500 3056
127.0.0.1 - - [01/Sep/2023:09:44:09 +0900] "GET / HTTP/1.1" 404 807
0:0:0:0:0:0:0:1 - - [01/Sep/2023:09:44:10 +0900] "GET /prj0901/acorn HTTP/1.1" 500 3056
127.0.0.1 - - [01/Sep/2023:10:02:33 +0900] "GET / HTTP/1.1" 404 807
0:0:0:0:0:0:0:1 - - [01/Sep/2023:10:02:34 +0900] "GET /prj0901/hi HTTP/1.1" 200 161
0:0:0:0:0:0:0:1 - - [01/Sep/2023:10:03:32 +0900] "GET /prj0901/acorn HTTP/1.1" 500 3046
127.0.0.1 - - [01/Sep/2023:10:04:11 +0900] "GET / HTTP/1.1" 404 807
0:0:0:0:0:0:0:1 - - [01/Sep/2023:10:04:12 +0900] "GET /prj0901/acorn HTTP/1.1" 200 222
127.0.0.1 - - [01/Sep/2023:10:40:07 +0900] "GET / HTTP/1.1" 404 807
0:0:0:0:0:0:0:1 - - [01/Sep/2023:10:40:08 +0900] "GET /prj0901/acorn HTTP/1.1" 200 429
127.0.0.1 - - [01/Sep/2023:11:42:16 +0900] "GET / HTTP/1.1" 404 807
0:0:0:0:0:0:0:1 - - [01/Sep/2023:11:42:18 +0900] "GET /prj0901/reg HTTP/1.1" 200 172
0:0:0:0:0:0:0:1 - - [01/Sep/2023:11:42:55 +0900] "GET /prj0901/reg?id=test12&pw=0000&name=syj HTTP/1.1" 200 172
127.0.0.1 - - [01/Sep/2023:12:15:17 +0900] "GET / HTTP/1.1" 404 807
0:0:0:0:0:0:0:1 - - [01/Sep/2023:12:15:18 +0900] "GET /prj0901/search HTTP/1.1" 200 206
127.0.0.1 - - [01/Sep/2023:12:21:03 +0900] "GET / HTTP/1.1" 404 807
0:0:0:0:0:0:0:1 - - [01/Sep/2023:12:21:05 +0900] "GET /prj0901/search HTTP/1.1" 500 3145
0:0:0:0:0:0:0:1 - - [01/Sep/2023:12:21:10 +0900] "GET /prj0901/search?id=dy HTTP/1.1" 200 235
127.0.0.1 - - [01/Sep/2023:14:23:18 +0900] "GET / HTTP/1.1" 404 807
0:0:0:0:0:0:0:1 - - [01/Sep/2023:14:23:20 +0900] "GET /prj0901/update HTTP/1.1" 200 166
0:0:0:0:0:0:0:1 - - [01/Sep/2023:14:24:07 +0900] "GET /prj0901/update?id=mj&newpw=7777 HTTP/1.1" 200 166
127.0.0.1 - - [01/Sep/2023:14:43:14 +0900] "GET / HTTP/1.1" 404 807
0:0:0:0:0:0:0:1 - - [01/Sep/2023:14:43:15 +0900] "GET /sessionPrj/main.do HTTP/1.1" 200 263
0:0:0:0:0:0:0:1 - - [01/Sep/2023:14:43:17 +0900] "GET /sessionPrj/login HTTP/1.1" 200 959
0:0:0:0:0:0:0:1 - - [01/Sep/2023:14:44:08 +0900] "POST /sessionPrj/login HTTP/1.1" 200 269
0:0:0:0:0:0:0:1 - - [01/Sep/2023:14:44:12 +0900] "GET /sessionPrj/order HTTP/1.1" 200 380
0:0:0:0:0:0:0:1 - - [01/Sep/2023:14:44:22 +0900] "GET /sessionPrj/logOut HTTP/1.1" 302 -
0:0:0:0:0:0:0:1 - - [01/Sep/2023:14:44:22 +0900] "GET /sessionPrj/main.do HTTP/1.1" 200 263
127.0.0.1 - - [01/Sep/2023:15:21:24 +0900] "GET / HTTP/1.1" 404 807
0:0:0:0:0:0:0:1 - - [01/Sep/2023:15:21:25 +0900] "GET /sessionPrj/main.do HTTP/1.1" 200 263
127.0.0.1 - - [01/Sep/2023:16:20:01 +0900] "GET / HTTP/1.1" 404 807
0:0:0:0:0:0:0:1 - - [01/Sep/2023:16:20:02 +0900] "GET /prj0901/Ccheck HTTP/1.1" 404 822
0:0:0:0:0:0:0:1 - - [01/Sep/2023:16:20:13 +0900] "GET /prj0901/Ccheck HTTP/1.1" 404 822
0:0:0:0:0:0:0:1 - - [01/Sep/2023:16:20:29 +0900] "GET /prj0901/Ccheck HTTP/1.1" 404 822
127.0.0.1 - - [01/Sep/2023:16:22:43 +0900] "GET / HTTP/1.1" 404 807
0:0:0:0:0:0:0:1 - - [01/Sep/2023:16:23:02 +0900] "GET /prj0901/Ccheck HTTP/1.1" 404 823
0:0:0:0:0:0:0:1 - - [01/Sep/2023:16:23:02 +0900] "GET /favicon.ico HTTP/1.1" 404 818
127.0.0.1 - - [01/Sep/2023:16:23:55 +0900] "GET / HTTP/1.1" 404 807
0:0:0:0:0:0:0:1 - - [01/Sep/2023:16:23:56 +0900] "GET /prj0901/Ccheck HTTP/1.1" 404 823
0:0:0:0:0:0:0:1 - - [01/Sep/2023:16:25:44 +0900] "GET /prj0901/Ccheck HTTP/1.1" 404 823
0:0:0:0:0:0:0:1 - - [01/Sep/2023:16:25:45 +0900] "GET /prj0901/Ccheck HTTP/1.1" 404 823
0:0:0:0:0:0:0:1 - - [01/Sep/2023:16:25:45 +0900] "GET /prj0901/Ccheck HTTP/1.1" 404 823
0:0:0:0:0:0:0:1 - - [01/Sep/2023:16:25:46 +0900] "GET /prj0901/Ccheck HTTP/1.1" 404 823
0:0:0:0:0:0:0:1 - - [01/Sep/2023:16:25:46 +0900] "GET /prj0901/Ccheck HTTP/1.1" 404 823
0:0:0:0:0:0:0:1 - - [01/Sep/2023:16:25:46 +0900] "GET /prj0901/Ccheck HTTP/1.1" 404 823
0:0:0:0:0:0:0:1 - - [01/Sep/2023:16:25:47 +0900] "GET /prj0901/Ccheck HTTP/1.1" 404 823
0:0:0:0:0:0:0:1 - - [01/Sep/2023:16:25:47 +0900] "GET /prj0901/Ccheck HTTP/1.1" 404 823
127.0.0.1 - - [01/Sep/2023:16:28:15 +0900] "GET / HTTP/1.1" 404 807
0:0:0:0:0:0:0:1 - - [01/Sep/2023:16:28:16 +0900] "GET /prj0901/acorn HTTP/1.1" 200 457
0:0:0:0:0:0:0:1 - - [01/Sep/2023:16:29:36 +0900] "GET /prj0901/Ccheck HTTP/1.1" 404 823
0:0:0:0:0:0:0:1 - - [01/Sep/2023:16:30:07 +0900] "GET /prj0901/Ccheck HTTP/1.1" 404 823
127.0.0.1 - - [01/Sep/2023:16:30:15 +0900] "GET / HTTP/1.1" 404 807
0:0:0:0:0:0:0:1 - - [01/Sep/2023:16:30:17 +0900] "GET /prj0901/Ccheck HTTP/1.1" 200 279
127.0.0.1 - - [01/Sep/2023:17:32:34 +0900] "GET / HTTP/1.1" 404 807
0:0:0:0:0:0:0:1 - - [01/Sep/2023:17:32:35 +0900] "GET /prj0901/regcoffee HTTP/1.1" 200 -
0:0:0:0:0:0:0:1 - - [01/Sep/2023:17:33:05 +0900] "GET /prj0901/regcoffee?id=c005&name=%EB%94%B8%EA%B8%B0%EC%8A%A4%EB%AC%B4%EB%94%94&price=5000 HTTP/1.1" 200 -
127.0.0.1 - - [01/Sep/2023:17:35:25 +0900] "GET / HTTP/1.1" 404 807
0:0:0:0:0:0:0:1 - - [01/Sep/2023:17:35:27 +0900] "GET /prj0901/regcoffee HTTP/1.1" 200 160
